

================================================================
== Vivado HLS Report for 'pool'
================================================================
* Date:           Fri May  4 15:40:28 2018

* Version:        2017.4.1 (Build 2117188 on Tue Jan 30 15:53:01 MST 2018)
* Project:        pool
* Solution:       solution1
* Product family: zynq
* Target device:  xc7z020clg400-1


================================================================
== Performance Estimates
================================================================
+ Timing (ns): 
    * Summary: 
    +--------+-------+----------+------------+
    |  Clock | Target| Estimated| Uncertainty|
    +--------+-------+----------+------------+
    |ap_clk  |  10.00|      7.72|        1.25|
    +--------+-------+----------+------------+

+ Latency (clock cycles): 
    * Summary: 
    +------+------+------+------+---------+
    |   Latency   |   Interval  | Pipeline|
    |  min |  max |  min |  max |   Type  |
    +------+------+------+------+---------+
    |  5604|  5604|  5604|  5604|   none  |
    +------+------+------+------+---------+

    + Detail: 
        * Instance: 
        N/A

        * Loop: 
        +---------------------------+------+------+----------+-----------+-----------+------+----------+
        |                           |   Latency   | Iteration|  Initiation Interval  | Trip |          |
        |         Loop Name         |  min |  max |  Latency |  achieved |   target  | Count| Pipelined|
        +---------------------------+------+------+----------+-----------+-----------+------+----------+
        |- pool_label2_pool_label3  |  5602|  5602|        53|         50|         50|   112|    yes   |
        +---------------------------+------+------+----------+-----------+-----------+------+----------+



================================================================
== Utilization Estimates
================================================================
* Summary: 
+-----------------+---------+-------+--------+-------+
|       Name      | BRAM_18K| DSP48E|   FF   |  LUT  |
+-----------------+---------+-------+--------+-------+
|DSP              |        -|      -|       -|      -|
|Expression       |        -|      0|       0|   6364|
|FIFO             |        -|      -|       -|      -|
|Instance         |        -|      0|      66|    239|
|Memory           |        -|      -|       -|      -|
|Multiplexer      |        -|      -|       -|    905|
|Register         |        -|      -|    1622|      -|
+-----------------+---------+-------+--------+-------+
|Total            |        0|      0|    1688|   7508|
+-----------------+---------+-------+--------+-------+
|Available        |      280|    220|  106400|  53200|
+-----------------+---------+-------+--------+-------+
|Utilization (%)  |        0|      0|       1|     14|
+-----------------+---------+-------+--------+-------+

+ Detail: 
    * Instance: 
    +-------------------------+----------------------+---------+-------+----+-----+
    |         Instance        |        Module        | BRAM_18K| DSP48E| FF | LUT |
    +-------------------------+----------------------+---------+-------+----+-----+
    |pool_fcmp_32ns_32bkb_U1  |pool_fcmp_32ns_32bkb  |        0|      0|  66|  239|
    +-------------------------+----------------------+---------+-------+----+-----+
    |Total                    |                      |        0|      0|  66|  239|
    +-------------------------+----------------------+---------+-------+----+-----+

    * DSP48: 
    N/A

    * Memory: 
    N/A

    * FIFO: 
    N/A

    * Expression: 
    +--------------------------------+----------+-------+---+----+------------+------------+
    |          Variable Name         | Operation| DSP48E| FF| LUT| Bitwidth P0| Bitwidth P1|
    +--------------------------------+----------+-------+---+----+------------+------------+
    |tmp_412_fu_1231_p2              |     *    |      0|  0|  41|           8|           5|
    |tmp_fu_1177_p2                  |     *    |      0|  0|  41|           8|           5|
    |channel_1_fu_1145_p2            |     +    |      0|  0|  13|           1|           4|
    |i_1_fu_6266_p2                  |     +    |      0|  0|  15|           2|           5|
    |indvar_flatten_next_fu_1139_p2  |     +    |      0|  0|  15|           7|           1|
    |tmp_105_fu_2101_p2              |     +    |      0|  0|  13|           7|          13|
    |tmp_107_fu_2106_p2              |     +    |      0|  0|  13|          13|          13|
    |tmp_114_fu_2421_p2              |     +    |      0|  0|  13|           7|          13|
    |tmp_116_fu_2426_p2              |     +    |      0|  0|  13|          13|          13|
    |tmp_123_fu_2436_p2              |     +    |      0|  0|  13|           7|          13|
    |tmp_125_fu_2441_p2              |     +    |      0|  0|  13|          13|          13|
    |tmp_132_fu_2756_p2              |     +    |      0|  0|  13|           8|          13|
    |tmp_134_fu_2761_p2              |     +    |      0|  0|  13|          13|          13|
    |tmp_141_fu_2771_p2              |     +    |      0|  0|  13|           8|          13|
    |tmp_143_fu_2776_p2              |     +    |      0|  0|  13|          13|          13|
    |tmp_150_fu_3091_p2              |     +    |      0|  0|  13|           8|          13|
    |tmp_152_fu_3096_p2              |     +    |      0|  0|  13|          13|          13|
    |tmp_159_fu_3106_p2              |     +    |      0|  0|  13|           8|          13|
    |tmp_15_fu_1252_p2               |     +    |      0|  0|  13|           5|          13|
    |tmp_161_fu_3111_p2              |     +    |      0|  0|  13|          13|          13|
    |tmp_168_fu_3415_p2              |     +    |      0|  0|  13|           8|          13|
    |tmp_170_fu_3420_p2              |     +    |      0|  0|  13|          13|          13|
    |tmp_177_fu_3594_p2              |     +    |      0|  0|  13|           8|          13|
    |tmp_179_fu_3599_p2              |     +    |      0|  0|  13|          13|          13|
    |tmp_17_fu_1257_p2               |     +    |      0|  0|  13|          13|          13|
    |tmp_186_fu_3848_p2              |     +    |      0|  0|  13|           8|          13|
    |tmp_188_fu_3853_p2              |     +    |      0|  0|  13|          13|          13|
    |tmp_195_fu_3863_p2              |     +    |      0|  0|  13|           8|          13|
    |tmp_197_fu_3868_p2              |     +    |      0|  0|  13|          13|          13|
    |tmp_204_fu_4172_p2              |     +    |      0|  0|  13|           8|          13|
    |tmp_206_fu_4177_p2              |     +    |      0|  0|  13|          13|          13|
    |tmp_213_fu_4332_p2              |     +    |      0|  0|  13|           8|          13|
    |tmp_215_fu_4337_p2              |     +    |      0|  0|  13|          13|          13|
    |tmp_222_fu_4582_p2              |     +    |      0|  0|  13|           8|          13|
    |tmp_224_fu_4587_p2              |     +    |      0|  0|  13|          13|          13|
    |tmp_231_fu_4597_p2              |     +    |      0|  0|  13|           8|          13|
    |tmp_233_fu_4602_p2              |     +    |      0|  0|  13|          13|          13|
    |tmp_24_fu_1267_p2               |     +    |      0|  0|  13|           6|          13|
    |tmp_26_fu_1272_p2               |     +    |      0|  0|  13|          13|          13|
    |tmp_285_fu_3723_p2              |     +    |      0|  0|  19|          12|          12|
    |tmp_287_fu_4190_p2              |     +    |      0|  0|  20|           5|          13|
    |tmp_2_fu_1211_p2                |     +    |      0|  0|  13|          13|          13|
    |tmp_314_fu_4453_p2              |     +    |      0|  0|  13|           5|          12|
    |tmp_321_fu_4458_p2              |     +    |      0|  0|  13|          12|          12|
    |tmp_323_fu_4906_p2              |     +    |      0|  0|  20|           6|          13|
    |tmp_33_fu_1282_p2               |     +    |      0|  0|  13|           6|          13|
    |tmp_350_fu_5148_p2              |     +    |      0|  0|  13|           6|          12|
    |tmp_357_fu_5153_p2              |     +    |      0|  0|  13|          12|          12|
    |tmp_359_fu_5403_p2              |     +    |      0|  0|  20|           6|          13|
    |tmp_35_fu_1287_p2               |     +    |      0|  0|  13|          13|          13|
    |tmp_384_fu_5640_p2              |     +    |      0|  0|  13|           6|          12|
    |tmp_385_fu_5645_p2              |     +    |      0|  0|  13|          12|          12|
    |tmp_386_fu_5881_p2              |     +    |      0|  0|  20|           7|          13|
    |tmp_392_fu_6015_p2              |     +    |      0|  0|  13|           7|          12|
    |tmp_393_fu_6020_p2              |     +    |      0|  0|  13|          12|          12|
    |tmp_394_fu_6135_p2              |     +    |      0|  0|  20|           7|          13|
    |tmp_3_fu_1196_p2                |     +    |      0|  0|  20|          13|          13|
    |tmp_400_fu_6271_p2              |     +    |      0|  0|  13|           7|          12|
    |tmp_401_fu_6276_p2              |     +    |      0|  0|  13|          12|          12|
    |tmp_402_fu_6286_p2              |     +    |      0|  0|  20|           7|          13|
    |tmp_408_fu_6310_p2              |     +    |      0|  0|  13|           7|          12|
    |tmp_409_fu_6315_p2              |     +    |      0|  0|  13|          12|          12|
    |tmp_413_fu_1401_p2              |     +    |      0|  0|  20|          13|          13|
    |tmp_414_fu_1967_p2              |     +    |      0|  0|  13|           4|          13|
    |tmp_415_fu_1972_p2              |     +    |      0|  0|  13|          13|          13|
    |tmp_416_fu_1617_p2              |     +    |      0|  0|  13|           5|          13|
    |tmp_417_fu_1622_p2              |     +    |      0|  0|  13|          13|          13|
    |tmp_418_fu_2302_p2              |     +    |      0|  0|  13|           5|          13|
    |tmp_419_fu_2307_p2              |     +    |      0|  0|  13|          13|          13|
    |tmp_420_fu_1755_p2              |     +    |      0|  0|  13|           6|          13|
    |tmp_421_fu_1760_p2              |     +    |      0|  0|  13|          13|          13|
    |tmp_422_fu_2637_p2              |     +    |      0|  0|  13|           6|          13|
    |tmp_423_fu_2642_p2              |     +    |      0|  0|  13|          13|          13|
    |tmp_424_fu_1982_p2              |     +    |      0|  0|  13|           6|          13|
    |tmp_425_fu_1987_p2              |     +    |      0|  0|  13|          13|          13|
    |tmp_426_fu_2972_p2              |     +    |      0|  0|  13|           6|          13|
    |tmp_427_fu_2977_p2              |     +    |      0|  0|  13|          13|          13|
    |tmp_428_fu_2317_p2              |     +    |      0|  0|  13|           7|          13|
    |tmp_429_fu_2322_p2              |     +    |      0|  0|  13|          13|          13|
    |tmp_42_fu_1381_p2               |     +    |      0|  0|  13|           6|          13|
    |tmp_430_fu_3307_p2              |     +    |      0|  0|  13|           7|          13|
    |tmp_431_fu_3312_p2              |     +    |      0|  0|  13|          13|          13|
    |tmp_432_fu_2652_p2              |     +    |      0|  0|  13|           7|          13|
    |tmp_433_fu_2657_p2              |     +    |      0|  0|  13|          13|          13|
    |tmp_434_fu_3734_p2              |     +    |      0|  0|  13|           7|          13|
    |tmp_435_fu_3739_p2              |     +    |      0|  0|  13|          13|          13|
    |tmp_436_fu_2987_p2              |     +    |      0|  0|  13|           7|          13|
    |tmp_437_fu_2992_p2              |     +    |      0|  0|  13|          13|          13|
    |tmp_438_fu_4064_p2              |     +    |      0|  0|  13|           7|          13|
    |tmp_439_fu_4069_p2              |     +    |      0|  0|  13|          13|          13|
    |tmp_440_fu_3490_p2              |     +    |      0|  0|  13|           7|          13|
    |tmp_441_fu_3495_p2              |     +    |      0|  0|  13|          13|          13|
    |tmp_442_fu_4468_p2              |     +    |      0|  0|  13|           7|          13|
    |tmp_443_fu_4473_p2              |     +    |      0|  0|  13|          13|          13|
    |tmp_444_fu_3749_p2              |     +    |      0|  0|  13|           8|          13|
    |tmp_445_fu_3754_p2              |     +    |      0|  0|  13|          13|          13|
    |tmp_446_fu_4798_p2              |     +    |      0|  0|  13|           8|          13|
    |tmp_447_fu_4803_p2              |     +    |      0|  0|  13|          13|          13|
    |tmp_448_fu_4228_p2              |     +    |      0|  0|  13|           8|          13|
    |tmp_449_fu_4233_p2              |     +    |      0|  0|  13|          13|          13|
    |tmp_44_fu_1386_p2               |     +    |      0|  0|  13|          13|          13|
    |tmp_450_fu_5163_p2              |     +    |      0|  0|  13|           8|          13|
    |tmp_451_fu_5168_p2              |     +    |      0|  0|  13|          13|          13|
    |tmp_452_fu_4483_p2              |     +    |      0|  0|  13|           8|          13|
    |tmp_453_fu_4488_p2              |     +    |      0|  0|  13|          13|          13|
    |tmp_454_fu_5379_p2              |     +    |      0|  0|  13|           8|          13|
    |tmp_455_fu_5384_p2              |     +    |      0|  0|  13|          13|          13|
    |tmp_456_fu_4943_p2              |     +    |      0|  0|  13|           8|          13|
    |tmp_457_fu_4948_p2              |     +    |      0|  0|  13|          13|          13|
    |tmp_458_fu_5655_p2              |     +    |      0|  0|  13|           8|          13|
    |tmp_459_fu_5660_p2              |     +    |      0|  0|  13|          13|          13|
    |tmp_460_fu_5178_p2              |     +    |      0|  0|  13|           8|          13|
    |tmp_461_fu_5183_p2              |     +    |      0|  0|  13|          13|          13|
    |tmp_462_fu_5763_p2              |     +    |      0|  0|  13|           8|          13|
    |tmp_463_fu_5768_p2              |     +    |      0|  0|  13|          13|          13|
    |tmp_464_fu_5440_p2              |     +    |      0|  0|  13|           8|          13|
    |tmp_465_fu_5445_p2              |     +    |      0|  0|  13|          13|          13|
    |tmp_466_fu_5778_p2              |     +    |      0|  0|  13|           8|          13|
    |tmp_467_fu_5783_p2              |     +    |      0|  0|  13|          13|          13|
    |tmp_4_fu_1206_p2                |     +    |      0|  0|  13|           4|          13|
    |tmp_51_fu_1494_p2               |     +    |      0|  0|  13|           6|          13|
    |tmp_53_fu_1499_p2               |     +    |      0|  0|  13|          13|          13|
    |tmp_60_fu_1602_p2               |     +    |      0|  0|  13|           7|          13|
    |tmp_62_fu_1607_p2               |     +    |      0|  0|  13|          13|          13|
    |tmp_69_fu_1637_p2               |     +    |      0|  0|  13|           7|          13|
    |tmp_71_fu_1642_p2               |     +    |      0|  0|  13|          13|          13|
    |tmp_78_fu_1740_p2               |     +    |      0|  0|  13|           7|          13|
    |tmp_7_fu_1237_p2                |     +    |      0|  0|  13|           5|          13|
    |tmp_80_fu_1745_p2               |     +    |      0|  0|  13|          13|          13|
    |tmp_87_fu_1859_p2               |     +    |      0|  0|  13|           7|          13|
    |tmp_89_fu_1864_p2               |     +    |      0|  0|  13|          13|          13|
    |tmp_96_fu_2086_p2               |     +    |      0|  0|  13|           7|          13|
    |tmp_98_fu_2091_p2               |     +    |      0|  0|  13|          13|          13|
    |tmp_9_fu_1242_p2                |     +    |      0|  0|  13|          13|          13|
    |tmp_251_fu_3452_p2              |     -    |      0|  0|  19|          12|          12|
    |tmp_101_fu_2523_p2              |    and   |      0|  0|   8|           1|           1|
    |tmp_103_fu_2529_p2              |    and   |      0|  0|   8|           1|           1|
    |tmp_110_fu_3681_p2              |    and   |      0|  0|   8|           1|           1|
    |tmp_112_fu_3687_p2              |    and   |      0|  0|   8|           1|           1|
    |tmp_119_fu_1955_p2              |    and   |      0|  0|   8|           1|           1|
    |tmp_11_fu_1369_p2               |    and   |      0|  0|   8|           1|           1|
    |tmp_121_fu_1961_p2              |    and   |      0|  0|   8|           1|           1|
    |tmp_128_fu_2858_p2              |    and   |      0|  0|   8|           1|           1|
    |tmp_130_fu_2864_p2              |    and   |      0|  0|   8|           1|           1|
    |tmp_137_fu_4039_p2              |    and   |      0|  0|   8|           1|           1|
    |tmp_139_fu_4045_p2              |    and   |      0|  0|   8|           1|           1|
    |tmp_13_fu_1375_p2               |    and   |      0|  0|   8|           1|           1|
    |tmp_146_fu_2193_p2              |    and   |      0|  0|   8|           1|           1|
    |tmp_148_fu_2199_p2              |    and   |      0|  0|   8|           1|           1|
    |tmp_155_fu_3193_p2              |    and   |      0|  0|   8|           1|           1|
    |tmp_157_fu_3199_p2              |    and   |      0|  0|   8|           1|           1|
    |tmp_164_fu_4419_p2              |    and   |      0|  0|   8|           1|           1|
    |tmp_166_fu_4425_p2              |    and   |      0|  0|   8|           1|           1|
    |tmp_173_fu_2409_p2              |    and   |      0|  0|   8|           1|           1|
    |tmp_175_fu_2415_p2              |    and   |      0|  0|   8|           1|           1|
    |tmp_182_fu_3577_p2              |    and   |      0|  0|   8|           1|           1|
    |tmp_184_fu_3583_p2              |    and   |      0|  0|   8|           1|           1|
    |tmp_191_fu_4773_p2              |    and   |      0|  0|   8|           1|           1|
    |tmp_193_fu_4779_p2              |    and   |      0|  0|   8|           1|           1|
    |tmp_200_fu_2744_p2              |    and   |      0|  0|   8|           1|           1|
    |tmp_202_fu_2750_p2              |    and   |      0|  0|   8|           1|           1|
    |tmp_209_fu_3950_p2              |    and   |      0|  0|   8|           1|           1|
    |tmp_20_fu_1842_p2               |    and   |      0|  0|   8|           1|           1|
    |tmp_211_fu_3956_p2              |    and   |      0|  0|   8|           1|           1|
    |tmp_218_fu_5127_p2              |    and   |      0|  0|   8|           1|           1|
    |tmp_220_fu_5133_p2              |    and   |      0|  0|   8|           1|           1|
    |tmp_227_fu_3079_p2              |    and   |      0|  0|   8|           1|           1|
    |tmp_229_fu_3085_p2              |    and   |      0|  0|   8|           1|           1|
    |tmp_22_fu_1848_p2               |    and   |      0|  0|   8|           1|           1|
    |tmp_236_fu_4315_p2              |    and   |      0|  0|   8|           1|           1|
    |tmp_238_fu_4321_p2              |    and   |      0|  0|   8|           1|           1|
    |tmp_245_fu_5354_p2              |    and   |      0|  0|   8|           1|           1|
    |tmp_247_fu_5360_p2              |    and   |      0|  0|   8|           1|           1|
    |tmp_254_fu_3403_p2              |    and   |      0|  0|   8|           1|           1|
    |tmp_256_fu_3409_p2              |    and   |      0|  0|   8|           1|           1|
    |tmp_263_fu_4684_p2              |    and   |      0|  0|   8|           1|           1|
    |tmp_265_fu_4690_p2              |    and   |      0|  0|   8|           1|           1|
    |tmp_272_fu_5619_p2              |    and   |      0|  0|   8|           1|           1|
    |tmp_274_fu_5625_p2              |    and   |      0|  0|   8|           1|           1|
    |tmp_281_fu_3836_p2              |    and   |      0|  0|   8|           1|           1|
    |tmp_283_fu_3842_p2              |    and   |      0|  0|   8|           1|           1|
    |tmp_290_fu_5030_p2              |    and   |      0|  0|   8|           1|           1|
    |tmp_292_fu_5036_p2              |    and   |      0|  0|   8|           1|           1|
    |tmp_299_fu_5864_p2              |    and   |      0|  0|   8|           1|           1|
    |tmp_29_fu_2612_p2               |    and   |      0|  0|   8|           1|           1|
    |tmp_301_fu_5870_p2              |    and   |      0|  0|   8|           1|           1|
    |tmp_308_fu_4160_p2              |    and   |      0|  0|   8|           1|           1|
    |tmp_310_fu_4166_p2              |    and   |      0|  0|   8|           1|           1|
    |tmp_317_fu_5270_p2              |    and   |      0|  0|   8|           1|           1|
    |tmp_319_fu_5276_p2              |    and   |      0|  0|   8|           1|           1|
    |tmp_31_fu_2618_p2               |    and   |      0|  0|   8|           1|           1|
    |tmp_326_fu_5999_p2              |    and   |      0|  0|   8|           1|           1|
    |tmp_328_fu_6005_p2              |    and   |      0|  0|   8|           1|           1|
    |tmp_335_fu_4570_p2              |    and   |      0|  0|   8|           1|           1|
    |tmp_337_fu_4576_p2              |    and   |      0|  0|   8|           1|           1|
    |tmp_344_fu_5527_p2              |    and   |      0|  0|   8|           1|           1|
    |tmp_346_fu_5533_p2              |    and   |      0|  0|   8|           1|           1|
    |tmp_353_fu_6123_p2              |    and   |      0|  0|   8|           1|           1|
    |tmp_355_fu_6129_p2              |    and   |      0|  0|   8|           1|           1|
    |tmp_362_fu_4894_p2              |    and   |      0|  0|   8|           1|           1|
    |tmp_364_fu_4900_p2              |    and   |      0|  0|   8|           1|           1|
    |tmp_371_fu_5751_p2              |    and   |      0|  0|   8|           1|           1|
    |tmp_373_fu_5757_p2              |    and   |      0|  0|   8|           1|           1|
    |tmp_380_fu_6254_p2              |    and   |      0|  0|   8|           1|           1|
    |tmp_382_fu_6260_p2              |    and   |      0|  0|   8|           1|           1|
    |tmp_38_fu_1482_p2               |    and   |      0|  0|   8|           1|           1|
    |tmp_40_fu_1488_p2               |    and   |      0|  0|   8|           1|           1|
    |tmp_47_fu_2069_p2               |    and   |      0|  0|   8|           1|           1|
    |tmp_49_fu_2075_p2               |    and   |      0|  0|   8|           1|           1|
    |tmp_56_fu_2947_p2               |    and   |      0|  0|   8|           1|           1|
    |tmp_58_fu_2953_p2               |    and   |      0|  0|   8|           1|           1|
    |tmp_65_fu_1590_p2               |    and   |      0|  0|   8|           1|           1|
    |tmp_67_fu_1596_p2               |    and   |      0|  0|   8|           1|           1|
    |tmp_74_fu_2281_p2               |    and   |      0|  0|   8|           1|           1|
    |tmp_76_fu_2287_p2               |    and   |      0|  0|   8|           1|           1|
    |tmp_83_fu_3282_p2               |    and   |      0|  0|   8|           1|           1|
    |tmp_85_fu_3288_p2               |    and   |      0|  0|   8|           1|           1|
    |tmp_92_fu_1728_p2               |    and   |      0|  0|   8|           1|           1|
    |tmp_94_fu_1734_p2               |    and   |      0|  0|   8|           1|           1|
    |exitcond_flatten_fu_1133_p2     |   icmp   |      0|  0|  11|           7|           6|
    |notlhs10_fu_2911_p2             |   icmp   |      0|  0|  11|           8|           2|
    |notlhs11_fu_2929_p2             |   icmp   |      0|  0|  11|           8|           2|
    |notlhs12_fu_1554_p2             |   icmp   |      0|  0|  11|           8|           2|
    |notlhs13_fu_1572_p2             |   icmp   |      0|  0|  11|           8|           2|
    |notlhs14_fu_2245_p2             |   icmp   |      0|  0|  11|           8|           2|
    |notlhs15_fu_2263_p2             |   icmp   |      0|  0|  11|           8|           2|
    |notlhs16_fu_3246_p2             |   icmp   |      0|  0|  11|           8|           2|
    |notlhs17_fu_3264_p2             |   icmp   |      0|  0|  11|           8|           2|
    |notlhs18_fu_1692_p2             |   icmp   |      0|  0|  11|           8|           2|
    |notlhs19_fu_1710_p2             |   icmp   |      0|  0|  11|           8|           2|
    |notlhs1_fu_2594_p2              |   icmp   |      0|  0|  11|           8|           2|
    |notlhs20_fu_2487_p2             |   icmp   |      0|  0|  11|           8|           2|
    |notlhs21_fu_2505_p2             |   icmp   |      0|  0|  11|           8|           2|
    |notlhs22_fu_3645_p2             |   icmp   |      0|  0|  11|           8|           2|
    |notlhs23_fu_3663_p2             |   icmp   |      0|  0|  11|           8|           2|
    |notlhs24_fu_1919_p2             |   icmp   |      0|  0|  11|           8|           2|
    |notlhs25_fu_1937_p2             |   icmp   |      0|  0|  11|           8|           2|
    |notlhs26_fu_2822_p2             |   icmp   |      0|  0|  11|           8|           2|
    |notlhs27_fu_2840_p2             |   icmp   |      0|  0|  11|           8|           2|
    |notlhs28_fu_4003_p2             |   icmp   |      0|  0|  11|           8|           2|
    |notlhs29_fu_4021_p2             |   icmp   |      0|  0|  11|           8|           2|
    |notlhs2_fu_1446_p2              |   icmp   |      0|  0|  11|           8|           2|
    |notlhs30_fu_2157_p2             |   icmp   |      0|  0|  11|           8|           2|
    |notlhs31_fu_2175_p2             |   icmp   |      0|  0|  11|           8|           2|
    |notlhs32_fu_3157_p2             |   icmp   |      0|  0|  11|           8|           2|
    |notlhs33_fu_3175_p2             |   icmp   |      0|  0|  11|           8|           2|
    |notlhs34_fu_4383_p2             |   icmp   |      0|  0|  11|           8|           2|
    |notlhs35_fu_4401_p2             |   icmp   |      0|  0|  11|           8|           2|
    |notlhs36_fu_2373_p2             |   icmp   |      0|  0|  11|           8|           2|
    |notlhs37_fu_2391_p2             |   icmp   |      0|  0|  11|           8|           2|
    |notlhs38_fu_3541_p2             |   icmp   |      0|  0|  11|           8|           2|
    |notlhs39_fu_3559_p2             |   icmp   |      0|  0|  11|           8|           2|
    |notlhs3_fu_1351_p2              |   icmp   |      0|  0|  11|           8|           2|
    |notlhs40_fu_4737_p2             |   icmp   |      0|  0|  11|           8|           2|
    |notlhs41_fu_4755_p2             |   icmp   |      0|  0|  11|           8|           2|
    |notlhs42_fu_2708_p2             |   icmp   |      0|  0|  11|           8|           2|
    |notlhs43_fu_2726_p2             |   icmp   |      0|  0|  11|           8|           2|
    |notlhs44_fu_3914_p2             |   icmp   |      0|  0|  11|           8|           2|
    |notlhs45_fu_3932_p2             |   icmp   |      0|  0|  11|           8|           2|
    |notlhs46_fu_5091_p2             |   icmp   |      0|  0|  11|           8|           2|
    |notlhs47_fu_5109_p2             |   icmp   |      0|  0|  11|           8|           2|
    |notlhs48_fu_3043_p2             |   icmp   |      0|  0|  11|           8|           2|
    |notlhs49_fu_3061_p2             |   icmp   |      0|  0|  11|           8|           2|
    |notlhs4_fu_1464_p2              |   icmp   |      0|  0|  11|           8|           2|
    |notlhs50_fu_4279_p2             |   icmp   |      0|  0|  11|           8|           2|
    |notlhs51_fu_4297_p2             |   icmp   |      0|  0|  11|           8|           2|
    |notlhs52_fu_5318_p2             |   icmp   |      0|  0|  11|           8|           2|
    |notlhs53_fu_5336_p2             |   icmp   |      0|  0|  11|           8|           2|
    |notlhs54_fu_3367_p2             |   icmp   |      0|  0|  11|           8|           2|
    |notlhs55_fu_3385_p2             |   icmp   |      0|  0|  11|           8|           2|
    |notlhs56_fu_4648_p2             |   icmp   |      0|  0|  11|           8|           2|
    |notlhs57_fu_4666_p2             |   icmp   |      0|  0|  11|           8|           2|
    |notlhs58_fu_5583_p2             |   icmp   |      0|  0|  11|           8|           2|
    |notlhs59_fu_5601_p2             |   icmp   |      0|  0|  11|           8|           2|
    |notlhs5_fu_1806_p2              |   icmp   |      0|  0|  11|           8|           2|
    |notlhs60_fu_3800_p2             |   icmp   |      0|  0|  11|           8|           2|
    |notlhs61_fu_3818_p2             |   icmp   |      0|  0|  11|           8|           2|
    |notlhs62_fu_4994_p2             |   icmp   |      0|  0|  11|           8|           2|
    |notlhs63_fu_5012_p2             |   icmp   |      0|  0|  11|           8|           2|
    |notlhs64_fu_5828_p2             |   icmp   |      0|  0|  11|           8|           2|
    |notlhs65_fu_5846_p2             |   icmp   |      0|  0|  11|           8|           2|
    |notlhs66_fu_4124_p2             |   icmp   |      0|  0|  11|           8|           2|
    |notlhs67_fu_4142_p2             |   icmp   |      0|  0|  11|           8|           2|
    |notlhs68_fu_5234_p2             |   icmp   |      0|  0|  11|           8|           2|
    |notlhs69_fu_5252_p2             |   icmp   |      0|  0|  11|           8|           2|
    |notlhs6_fu_2033_p2              |   icmp   |      0|  0|  11|           8|           2|
    |notlhs70_fu_5963_p2             |   icmp   |      0|  0|  11|           8|           2|
    |notlhs71_fu_5981_p2             |   icmp   |      0|  0|  11|           8|           2|
    |notlhs72_fu_4534_p2             |   icmp   |      0|  0|  11|           8|           2|
    |notlhs73_fu_4552_p2             |   icmp   |      0|  0|  11|           8|           2|
    |notlhs74_fu_5491_p2             |   icmp   |      0|  0|  11|           8|           2|
    |notlhs75_fu_5509_p2             |   icmp   |      0|  0|  11|           8|           2|
    |notlhs76_fu_6087_p2             |   icmp   |      0|  0|  11|           8|           2|
    |notlhs77_fu_6105_p2             |   icmp   |      0|  0|  11|           8|           2|
    |notlhs78_fu_4858_p2             |   icmp   |      0|  0|  11|           8|           2|
    |notlhs79_fu_4876_p2             |   icmp   |      0|  0|  11|           8|           2|
    |notlhs7_fu_1824_p2              |   icmp   |      0|  0|  11|           8|           2|
    |notlhs80_fu_5715_p2             |   icmp   |      0|  0|  11|           8|           2|
    |notlhs81_fu_5733_p2             |   icmp   |      0|  0|  11|           8|           2|
    |notlhs82_fu_6218_p2             |   icmp   |      0|  0|  11|           8|           2|
    |notlhs83_fu_6236_p2             |   icmp   |      0|  0|  11|           8|           2|
    |notlhs8_fu_2051_p2              |   icmp   |      0|  0|  11|           8|           2|
    |notlhs9_fu_2576_p2              |   icmp   |      0|  0|  11|           8|           2|
    |notlhs_fu_1333_p2               |   icmp   |      0|  0|  11|           8|           2|
    |notrhs10_fu_2917_p2             |   icmp   |      0|  0|  18|          23|           1|
    |notrhs11_fu_2935_p2             |   icmp   |      0|  0|  18|          23|           1|
    |notrhs12_fu_1560_p2             |   icmp   |      0|  0|  18|          23|           1|
    |notrhs13_fu_1578_p2             |   icmp   |      0|  0|  18|          23|           1|
    |notrhs14_fu_2251_p2             |   icmp   |      0|  0|  18|          23|           1|
    |notrhs15_fu_2269_p2             |   icmp   |      0|  0|  18|          23|           1|
    |notrhs16_fu_3252_p2             |   icmp   |      0|  0|  18|          23|           1|
    |notrhs17_fu_3270_p2             |   icmp   |      0|  0|  18|          23|           1|
    |notrhs18_fu_1698_p2             |   icmp   |      0|  0|  18|          23|           1|
    |notrhs19_fu_1716_p2             |   icmp   |      0|  0|  18|          23|           1|
    |notrhs1_fu_2582_p2              |   icmp   |      0|  0|  18|          23|           1|
    |notrhs20_fu_2493_p2             |   icmp   |      0|  0|  18|          23|           1|
    |notrhs21_fu_2511_p2             |   icmp   |      0|  0|  18|          23|           1|
    |notrhs22_fu_3651_p2             |   icmp   |      0|  0|  18|          23|           1|
    |notrhs23_fu_3669_p2             |   icmp   |      0|  0|  18|          23|           1|
    |notrhs24_fu_1925_p2             |   icmp   |      0|  0|  18|          23|           1|
    |notrhs25_fu_1943_p2             |   icmp   |      0|  0|  18|          23|           1|
    |notrhs26_fu_2828_p2             |   icmp   |      0|  0|  18|          23|           1|
    |notrhs27_fu_2846_p2             |   icmp   |      0|  0|  18|          23|           1|
    |notrhs28_fu_4009_p2             |   icmp   |      0|  0|  18|          23|           1|
    |notrhs29_fu_4027_p2             |   icmp   |      0|  0|  18|          23|           1|
    |notrhs2_fu_2600_p2              |   icmp   |      0|  0|  18|          23|           1|
    |notrhs30_fu_2163_p2             |   icmp   |      0|  0|  18|          23|           1|
    |notrhs31_fu_2181_p2             |   icmp   |      0|  0|  18|          23|           1|
    |notrhs32_fu_3163_p2             |   icmp   |      0|  0|  18|          23|           1|
    |notrhs33_fu_3181_p2             |   icmp   |      0|  0|  18|          23|           1|
    |notrhs34_fu_4389_p2             |   icmp   |      0|  0|  18|          23|           1|
    |notrhs35_fu_4407_p2             |   icmp   |      0|  0|  18|          23|           1|
    |notrhs36_fu_2379_p2             |   icmp   |      0|  0|  18|          23|           1|
    |notrhs37_fu_2397_p2             |   icmp   |      0|  0|  18|          23|           1|
    |notrhs38_fu_3547_p2             |   icmp   |      0|  0|  18|          23|           1|
    |notrhs39_fu_3565_p2             |   icmp   |      0|  0|  18|          23|           1|
    |notrhs3_fu_1452_p2              |   icmp   |      0|  0|  18|          23|           1|
    |notrhs40_fu_4743_p2             |   icmp   |      0|  0|  18|          23|           1|
    |notrhs41_fu_4761_p2             |   icmp   |      0|  0|  18|          23|           1|
    |notrhs42_fu_2714_p2             |   icmp   |      0|  0|  18|          23|           1|
    |notrhs43_fu_2732_p2             |   icmp   |      0|  0|  18|          23|           1|
    |notrhs44_fu_3920_p2             |   icmp   |      0|  0|  18|          23|           1|
    |notrhs45_fu_3938_p2             |   icmp   |      0|  0|  18|          23|           1|
    |notrhs46_fu_5097_p2             |   icmp   |      0|  0|  18|          23|           1|
    |notrhs47_fu_5115_p2             |   icmp   |      0|  0|  18|          23|           1|
    |notrhs48_fu_3049_p2             |   icmp   |      0|  0|  18|          23|           1|
    |notrhs49_fu_3067_p2             |   icmp   |      0|  0|  18|          23|           1|
    |notrhs4_fu_1357_p2              |   icmp   |      0|  0|  18|          23|           1|
    |notrhs50_fu_4285_p2             |   icmp   |      0|  0|  18|          23|           1|
    |notrhs51_fu_4303_p2             |   icmp   |      0|  0|  18|          23|           1|
    |notrhs52_fu_5324_p2             |   icmp   |      0|  0|  18|          23|           1|
    |notrhs53_fu_5342_p2             |   icmp   |      0|  0|  18|          23|           1|
    |notrhs54_fu_3373_p2             |   icmp   |      0|  0|  18|          23|           1|
    |notrhs55_fu_3391_p2             |   icmp   |      0|  0|  18|          23|           1|
    |notrhs56_fu_4654_p2             |   icmp   |      0|  0|  18|          23|           1|
    |notrhs57_fu_4672_p2             |   icmp   |      0|  0|  18|          23|           1|
    |notrhs58_fu_5589_p2             |   icmp   |      0|  0|  18|          23|           1|
    |notrhs59_fu_5607_p2             |   icmp   |      0|  0|  18|          23|           1|
    |notrhs5_fu_1470_p2              |   icmp   |      0|  0|  18|          23|           1|
    |notrhs60_fu_3806_p2             |   icmp   |      0|  0|  18|          23|           1|
    |notrhs61_fu_3824_p2             |   icmp   |      0|  0|  18|          23|           1|
    |notrhs62_fu_5000_p2             |   icmp   |      0|  0|  18|          23|           1|
    |notrhs63_fu_5018_p2             |   icmp   |      0|  0|  18|          23|           1|
    |notrhs64_fu_5834_p2             |   icmp   |      0|  0|  18|          23|           1|
    |notrhs65_fu_5852_p2             |   icmp   |      0|  0|  18|          23|           1|
    |notrhs66_fu_4130_p2             |   icmp   |      0|  0|  18|          23|           1|
    |notrhs67_fu_4148_p2             |   icmp   |      0|  0|  18|          23|           1|
    |notrhs68_fu_5240_p2             |   icmp   |      0|  0|  18|          23|           1|
    |notrhs69_fu_5258_p2             |   icmp   |      0|  0|  18|          23|           1|
    |notrhs6_fu_1812_p2              |   icmp   |      0|  0|  18|          23|           1|
    |notrhs70_fu_5969_p2             |   icmp   |      0|  0|  18|          23|           1|
    |notrhs71_fu_5987_p2             |   icmp   |      0|  0|  18|          23|           1|
    |notrhs72_fu_4540_p2             |   icmp   |      0|  0|  18|          23|           1|
    |notrhs73_fu_4558_p2             |   icmp   |      0|  0|  18|          23|           1|
    |notrhs74_fu_5497_p2             |   icmp   |      0|  0|  18|          23|           1|
    |notrhs75_fu_5515_p2             |   icmp   |      0|  0|  18|          23|           1|
    |notrhs76_fu_6093_p2             |   icmp   |      0|  0|  18|          23|           1|
    |notrhs77_fu_6111_p2             |   icmp   |      0|  0|  18|          23|           1|
    |notrhs78_fu_4864_p2             |   icmp   |      0|  0|  18|          23|           1|
    |notrhs79_fu_4882_p2             |   icmp   |      0|  0|  18|          23|           1|
    |notrhs7_fu_2039_p2              |   icmp   |      0|  0|  18|          23|           1|
    |notrhs80_fu_5721_p2             |   icmp   |      0|  0|  18|          23|           1|
    |notrhs81_fu_5739_p2             |   icmp   |      0|  0|  18|          23|           1|
    |notrhs82_fu_6224_p2             |   icmp   |      0|  0|  18|          23|           1|
    |notrhs83_fu_6242_p2             |   icmp   |      0|  0|  18|          23|           1|
    |notrhs8_fu_1830_p2              |   icmp   |      0|  0|  18|          23|           1|
    |notrhs9_fu_2057_p2              |   icmp   |      0|  0|  18|          23|           1|
    |notrhs_fu_1339_p2               |   icmp   |      0|  0|  18|          23|           1|
    |tmp_1_fu_1151_p2                |   icmp   |      0|  0|  11|           5|           4|
    |tmp_100_fu_2517_p2              |    or    |      0|  0|   8|           1|           1|
    |tmp_108_fu_3657_p2              |    or    |      0|  0|   8|           1|           1|
    |tmp_109_fu_3675_p2              |    or    |      0|  0|   8|           1|           1|
    |tmp_10_fu_1363_p2               |    or    |      0|  0|   8|           1|           1|
    |tmp_117_fu_1931_p2              |    or    |      0|  0|   8|           1|           1|
    |tmp_118_fu_1949_p2              |    or    |      0|  0|   8|           1|           1|
    |tmp_126_fu_2834_p2              |    or    |      0|  0|   8|           1|           1|
    |tmp_127_fu_2852_p2              |    or    |      0|  0|   8|           1|           1|
    |tmp_135_fu_4015_p2              |    or    |      0|  0|   8|           1|           1|
    |tmp_136_fu_4033_p2              |    or    |      0|  0|   8|           1|           1|
    |tmp_144_fu_2169_p2              |    or    |      0|  0|   8|           1|           1|
    |tmp_145_fu_2187_p2              |    or    |      0|  0|   8|           1|           1|
    |tmp_153_fu_3169_p2              |    or    |      0|  0|   8|           1|           1|
    |tmp_154_fu_3187_p2              |    or    |      0|  0|   8|           1|           1|
    |tmp_162_fu_4395_p2              |    or    |      0|  0|   8|           1|           1|
    |tmp_163_fu_4413_p2              |    or    |      0|  0|   8|           1|           1|
    |tmp_171_fu_2385_p2              |    or    |      0|  0|   8|           1|           1|
    |tmp_172_fu_2403_p2              |    or    |      0|  0|   8|           1|           1|
    |tmp_180_fu_3553_p2              |    or    |      0|  0|   8|           1|           1|
    |tmp_181_fu_3571_p2              |    or    |      0|  0|   8|           1|           1|
    |tmp_189_fu_4749_p2              |    or    |      0|  0|   8|           1|           1|
    |tmp_18_fu_1818_p2               |    or    |      0|  0|   8|           1|           1|
    |tmp_190_fu_4767_p2              |    or    |      0|  0|   8|           1|           1|
    |tmp_198_fu_2720_p2              |    or    |      0|  0|   8|           1|           1|
    |tmp_199_fu_2738_p2              |    or    |      0|  0|   8|           1|           1|
    |tmp_19_fu_1836_p2               |    or    |      0|  0|   8|           1|           1|
    |tmp_207_fu_3926_p2              |    or    |      0|  0|   8|           1|           1|
    |tmp_208_fu_3944_p2              |    or    |      0|  0|   8|           1|           1|
    |tmp_216_fu_5103_p2              |    or    |      0|  0|   8|           1|           1|
    |tmp_217_fu_5121_p2              |    or    |      0|  0|   8|           1|           1|
    |tmp_225_fu_3055_p2              |    or    |      0|  0|   8|           1|           1|
    |tmp_226_fu_3073_p2              |    or    |      0|  0|   8|           1|           1|
    |tmp_234_fu_4291_p2              |    or    |      0|  0|   8|           1|           1|
    |tmp_235_fu_4309_p2              |    or    |      0|  0|   8|           1|           1|
    |tmp_243_fu_5330_p2              |    or    |      0|  0|   8|           1|           1|
    |tmp_244_fu_5348_p2              |    or    |      0|  0|   8|           1|           1|
    |tmp_252_fu_3379_p2              |    or    |      0|  0|   8|           1|           1|
    |tmp_253_fu_3397_p2              |    or    |      0|  0|   8|           1|           1|
    |tmp_260_fu_3462_p2              |    or    |      0|  0|  11|           4|           1|
    |tmp_261_fu_4660_p2              |    or    |      0|  0|   8|           1|           1|
    |tmp_262_fu_4678_p2              |    or    |      0|  0|   8|           1|           1|
    |tmp_270_fu_5595_p2              |    or    |      0|  0|   8|           1|           1|
    |tmp_271_fu_5613_p2              |    or    |      0|  0|   8|           1|           1|
    |tmp_278_fu_3718_p2              |    or    |      0|  0|  19|          12|           4|
    |tmp_279_fu_3812_p2              |    or    |      0|  0|   8|           1|           1|
    |tmp_27_fu_2588_p2               |    or    |      0|  0|   8|           1|           1|
    |tmp_280_fu_3830_p2              |    or    |      0|  0|   8|           1|           1|
    |tmp_288_fu_5006_p2              |    or    |      0|  0|   8|           1|           1|
    |tmp_289_fu_5024_p2              |    or    |      0|  0|   8|           1|           1|
    |tmp_28_fu_2606_p2               |    or    |      0|  0|   8|           1|           1|
    |tmp_296_fu_4200_p2              |    or    |      0|  0|  11|           4|           1|
    |tmp_297_fu_5840_p2              |    or    |      0|  0|   8|           1|           1|
    |tmp_298_fu_5858_p2              |    or    |      0|  0|   8|           1|           1|
    |tmp_306_fu_4136_p2              |    or    |      0|  0|   8|           1|           1|
    |tmp_307_fu_4154_p2              |    or    |      0|  0|   8|           1|           1|
    |tmp_315_fu_5246_p2              |    or    |      0|  0|   8|           1|           1|
    |tmp_316_fu_5264_p2              |    or    |      0|  0|   8|           1|           1|
    |tmp_324_fu_5975_p2              |    or    |      0|  0|   8|           1|           1|
    |tmp_325_fu_5993_p2              |    or    |      0|  0|   8|           1|           1|
    |tmp_332_fu_4915_p2              |    or    |      0|  0|  11|           4|           1|
    |tmp_333_fu_4546_p2              |    or    |      0|  0|   8|           1|           1|
    |tmp_334_fu_4564_p2              |    or    |      0|  0|   8|           1|           1|
    |tmp_342_fu_5503_p2              |    or    |      0|  0|   8|           1|           1|
    |tmp_343_fu_5521_p2              |    or    |      0|  0|   8|           1|           1|
    |tmp_351_fu_6099_p2              |    or    |      0|  0|   8|           1|           1|
    |tmp_352_fu_6117_p2              |    or    |      0|  0|   8|           1|           1|
    |tmp_360_fu_4870_p2              |    or    |      0|  0|   8|           1|           1|
    |tmp_361_fu_4888_p2              |    or    |      0|  0|   8|           1|           1|
    |tmp_368_fu_5412_p2              |    or    |      0|  0|  11|           4|           1|
    |tmp_369_fu_5727_p2              |    or    |      0|  0|   8|           1|           1|
    |tmp_36_fu_1458_p2               |    or    |      0|  0|   8|           1|           1|
    |tmp_370_fu_5745_p2              |    or    |      0|  0|   8|           1|           1|
    |tmp_378_fu_6230_p2              |    or    |      0|  0|   8|           1|           1|
    |tmp_379_fu_6248_p2              |    or    |      0|  0|   8|           1|           1|
    |tmp_37_fu_1476_p2               |    or    |      0|  0|   8|           1|           1|
    |tmp_388_fu_5890_p2              |    or    |      0|  0|  11|           4|           1|
    |tmp_396_fu_6144_p2              |    or    |      0|  0|  11|           4|           1|
    |tmp_404_fu_6295_p2              |    or    |      0|  0|  11|           4|           1|
    |tmp_45_fu_2045_p2               |    or    |      0|  0|   8|           1|           1|
    |tmp_46_fu_2063_p2               |    or    |      0|  0|   8|           1|           1|
    |tmp_54_fu_2923_p2               |    or    |      0|  0|   8|           1|           1|
    |tmp_55_fu_2941_p2               |    or    |      0|  0|   8|           1|           1|
    |tmp_5_0_s_fu_1222_p2            |    or    |      0|  0|  12|           5|           1|
    |tmp_63_fu_1566_p2               |    or    |      0|  0|   8|           1|           1|
    |tmp_64_fu_1584_p2               |    or    |      0|  0|   8|           1|           1|
    |tmp_72_fu_2257_p2               |    or    |      0|  0|   8|           1|           1|
    |tmp_73_fu_2275_p2               |    or    |      0|  0|   8|           1|           1|
    |tmp_81_fu_3258_p2               |    or    |      0|  0|   8|           1|           1|
    |tmp_82_fu_3276_p2               |    or    |      0|  0|   8|           1|           1|
    |tmp_90_fu_1704_p2               |    or    |      0|  0|   8|           1|           1|
    |tmp_91_fu_1722_p2               |    or    |      0|  0|   8|           1|           1|
    |tmp_99_fu_2499_p2               |    or    |      0|  0|   8|           1|           1|
    |tmp_s_fu_1345_p2                |    or    |      0|  0|   8|           1|           1|
    |i_mid2_fu_1157_p3               |  select  |      0|  0|   5|           1|           5|
    |max_2_0_0_1_fu_1396_p3          |  select  |      0|  0|  13|           1|          13|
    |max_2_0_1_1_fu_2667_p3          |  select  |      0|  0|  13|           1|          13|
    |max_2_0_1_fu_1874_p3            |  select  |      0|  0|  13|           1|          13|
    |max_2_10_0_1_fu_3962_p3         |  select  |      0|  0|  13|           1|          13|
    |max_2_10_1_1_fu_5922_p3         |  select  |      0|  0|  13|           1|          13|
    |max_2_10_1_fu_5143_p3           |  select  |      0|  0|  13|           1|          13|
    |max_2_11_0_1_fu_4327_p3         |  select  |      0|  0|  13|           1|          13|
    |max_2_11_1_1_fu_6034_p3         |  select  |      0|  0|  13|           1|          13|
    |max_2_11_1_fu_5370_p3           |  select  |      0|  0|  13|           1|          13|
    |max_2_12_0_1_fu_4696_p3         |  select  |      0|  0|  13|           1|          13|
    |max_2_12_1_1_fu_6172_p3         |  select  |      0|  0|  13|           1|          13|
    |max_2_12_1_fu_5635_p3           |  select  |      0|  0|  13|           1|          13|
    |max_2_13_0_1_fu_5046_p3         |  select  |      0|  0|  13|           1|          13|
    |max_2_13_1_1_fu_6320_p3         |  select  |      0|  0|  13|           1|          13|
    |max_2_13_1_fu_5876_p3           |  select  |      0|  0|  13|           1|          13|
    |max_2_1_0_1_fu_1513_p3          |  select  |      0|  0|  13|           1|          13|
    |max_2_1_1_1_fu_3002_p3          |  select  |      0|  0|  13|           1|          13|
    |max_2_1_1_fu_2116_p3            |  select  |      0|  0|  13|           1|          13|
    |max_2_2_0_1_fu_1632_p3          |  select  |      0|  0|  13|           1|          13|
    |max_2_2_1_1_fu_3326_p3          |  select  |      0|  0|  13|           1|          13|
    |max_2_2_1_fu_2332_p3            |  select  |      0|  0|  13|           1|          13|
    |max_2_3_0_1_fu_1854_p3          |  select  |      0|  0|  13|           1|          13|
    |max_2_3_1_1_fu_3706_p3          |  select  |      0|  0|  13|           1|          13|
    |max_2_3_1_fu_2628_p3            |  select  |      0|  0|  13|           1|          13|
    |max_2_4_0_1_fu_2081_p3          |  select  |      0|  0|  13|           1|          13|
    |max_2_4_1_1_fu_4083_p3          |  select  |      0|  0|  13|           1|          13|
    |max_2_4_1_fu_2963_p3            |  select  |      0|  0|  13|           1|          13|
    |max_2_5_0_1_fu_2297_p3          |  select  |      0|  0|  13|           1|          13|
    |max_2_5_1_1_fu_4444_p3          |  select  |      0|  0|  13|           1|          13|
    |max_2_5_1_fu_3298_p3            |  select  |      0|  0|  13|           1|          13|
    |max_2_6_0_1_fu_2535_p3          |  select  |      0|  0|  13|           1|          13|
    |max_2_6_1_1_fu_4817_p3          |  select  |      0|  0|  13|           1|          13|
    |max_2_6_1_fu_3693_p3            |  select  |      0|  0|  13|           1|          13|
    |max_2_7_0_1_fu_2870_p3          |  select  |      0|  0|  13|           1|          13|
    |max_2_7_1_1_fu_5193_p3          |  select  |      0|  0|  13|           1|          13|
    |max_2_7_1_fu_4055_p3            |  select  |      0|  0|  13|           1|          13|
    |max_2_8_0_1_fu_3205_p3          |  select  |      0|  0|  13|           1|          13|
    |max_2_8_1_1_fu_5398_p3          |  select  |      0|  0|  13|           1|          13|
    |max_2_8_1_fu_4431_p3            |  select  |      0|  0|  13|           1|          13|
    |max_2_9_0_1_fu_3589_p3          |  select  |      0|  0|  13|           1|          13|
    |max_2_9_1_1_fu_5670_p3          |  select  |      0|  0|  13|           1|          13|
    |max_2_9_1_fu_4789_p3            |  select  |      0|  0|  13|           1|          13|
    |tmp_mid2_v_fu_1165_p3           |  select  |      0|  0|   4|           1|           4|
    |ap_enable_pp0                   |    xor   |      0|  0|   8|           1|           2|
    |ap_enable_reg_pp0_iter1         |    xor   |      0|  0|   8|           2|           1|
    +--------------------------------+----------+-------+---+----+------------+------------+
    |Total                           |          |      0|  0|6364|        4182|        2696|
    +--------------------------------+----------+-------+---+----+------------+------------+

    * Multiplexer: 
    +------------------------------------------+-----+-----------+-----+-----------+
    |                   Name                   | LUT | Input Size| Bits| Total Bits|
    +------------------------------------------+-----+-----------+-----+-----------+
    |ap_NS_fsm                                 |  229|         53|    1|         53|
    |ap_enable_reg_pp0_iter1                   |   15|          3|    1|          3|
    |ap_phi_mux_channel_phi_fu_1077_p4         |    9|          2|    4|          8|
    |ap_phi_mux_i_phi_fu_1088_p4               |    9|          2|    5|         10|
    |ap_phi_mux_indvar_flatten_phi_fu_1066_p4  |    9|          2|    7|         14|
    |channel_reg_1073                          |    9|          2|    4|          8|
    |grp_fu_1095_p0                            |   33|          6|   32|        192|
    |grp_fu_1095_p1                            |   27|          5|   32|        160|
    |i_reg_1084                                |    9|          2|    5|         10|
    |image_r_address0                          |  217|         50|   13|        650|
    |image_r_address1                          |  217|         50|   13|        650|
    |indvar_flatten_reg_1062                   |    9|          2|    7|         14|
    |output_r_address0                         |   62|         15|   11|        165|
    |output_r_d0                               |   15|          3|   32|         96|
    |reg_1099                                  |    9|          2|   32|         64|
    |reg_1107                                  |    9|          2|   32|         64|
    |reg_1114                                  |    9|          2|   32|         64|
    |reg_1121                                  |    9|          2|   32|         64|
    +------------------------------------------+-----+-----------+-----+-----------+
    |Total                                     |  905|        205|  295|       2289|
    +------------------------------------------+-----+-----------+-----+-----------+

    * Register: 
    +--------------------------------------------+----+----+-----+-----------+
    |                    Name                    | FF | LUT| Bits| Const Bits|
    +--------------------------------------------+----+----+-----+-----------+
    |ap_CS_fsm                                   |  52|   0|   52|          0|
    |ap_enable_reg_pp0_iter0                     |   1|   0|    1|          0|
    |ap_enable_reg_pp0_iter1                     |   1|   0|    1|          0|
    |ap_reg_pp0_iter1_exitcond_flatten_reg_6345  |   1|   0|    1|          0|
    |channel_reg_1073                            |   4|   0|    4|          0|
    |exitcond_flatten_reg_6345                   |   1|   0|    1|          0|
    |i_1_reg_7737                                |   5|   0|    5|          0|
    |i_mid2_reg_6354                             |   5|   0|    5|          0|
    |i_reg_1084                                  |   5|   0|    5|          0|
    |indvar_flatten_next_reg_6349                |   7|   0|    7|          0|
    |indvar_flatten_reg_1062                     |   7|   0|    7|          0|
    |max_2_0_0_1_reg_6577                        |  13|   0|   13|          0|
    |max_2_0_1_1_reg_6913                        |  13|   0|   13|          0|
    |max_2_0_1_reg_6711                          |  13|   0|   13|          0|
    |max_2_10_0_1_reg_7226                       |  13|   0|   13|          0|
    |max_2_10_1_1_reg_7682                       |  13|   0|   13|          0|
    |max_2_10_1_reg_7502                         |  13|   0|   13|          0|
    |max_2_11_0_1_reg_7312                       |  13|   0|   13|          0|
    |max_2_11_1_1_reg_7702                       |  13|   0|   13|          0|
    |max_2_11_1_reg_7548                         |  13|   0|   13|          0|
    |max_2_12_0_1_reg_7409                       |  13|   0|   13|          0|
    |max_2_12_1_reg_7614                         |  13|   0|   13|          0|
    |max_2_13_0_1_reg_7481                       |  13|   0|   13|          0|
    |max_2_13_1_reg_7671                         |  13|   0|   13|          0|
    |max_2_1_0_1_reg_6613                        |  13|   0|   13|          0|
    |max_2_1_1_1_reg_6995                        |  13|   0|   13|          0|
    |max_2_1_1_reg_6778                          |  13|   0|   13|          0|
    |max_2_2_0_1_reg_6644                        |  13|   0|   13|          0|
    |max_2_2_1_1_reg_7072                        |  13|   0|   13|          0|
    |max_2_2_1_reg_6830                          |  13|   0|   13|          0|
    |max_2_3_0_1_reg_6695                        |  13|   0|   13|          0|
    |max_2_3_1_1_reg_7156                        |  13|   0|   13|          0|
    |max_2_3_1_reg_6882                          |  13|   0|   13|          0|
    |max_2_4_0_1_reg_6752                        |  13|   0|   13|          0|
    |max_2_4_1_1_reg_7268                        |  13|   0|   13|          0|
    |max_2_4_1_reg_6964                          |  13|   0|   13|          0|
    |max_2_5_0_1_reg_6804                        |  13|   0|   13|          0|
    |max_2_5_1_1_reg_7349                        |  13|   0|   13|          0|
    |max_2_5_1_reg_7046                          |  13|   0|   13|          0|
    |max_2_6_0_1_reg_6866                        |  13|   0|   13|          0|
    |max_2_6_1_1_reg_7451                        |  13|   0|   13|          0|
    |max_2_6_1_reg_7140                          |  13|   0|   13|          0|
    |max_2_7_0_1_reg_6948                        |  13|   0|   13|          0|
    |max_2_7_1_1_reg_7528                        |  13|   0|   13|          0|
    |max_2_7_1_reg_7242                          |  13|   0|   13|          0|
    |max_2_8_0_1_reg_7030                        |  13|   0|   13|          0|
    |max_2_8_1_1_reg_7574                        |  13|   0|   13|          0|
    |max_2_8_1_reg_7333                          |  13|   0|   13|          0|
    |max_2_9_0_1_reg_7119                        |  13|   0|   13|          0|
    |max_2_9_1_1_reg_7630                        |  13|   0|   13|          0|
    |max_2_9_1_reg_7425                          |  13|   0|   13|          0|
    |reg_1099                                    |  32|   0|   32|          0|
    |reg_1107                                    |  32|   0|   32|          0|
    |reg_1114                                    |  32|   0|   32|          0|
    |reg_1121                                    |  32|   0|   32|          0|
    |reg_1128                                    |  32|   0|   32|          0|
    |tmp_103_reg_6861                            |   1|   0|    1|          0|
    |tmp_107_reg_6768                            |  13|   0|   13|          0|
    |tmp_112_reg_7135                            |   1|   0|    1|          0|
    |tmp_116_reg_6841                            |  13|   0|   13|          0|
    |tmp_121_reg_6722                            |   1|   0|    1|          0|
    |tmp_125_reg_6851                            |  13|   0|   13|          0|
    |tmp_130_reg_6943                            |   1|   0|    1|          0|
    |tmp_134_reg_6923                            |  13|   0|   13|          0|
    |tmp_139_reg_7232                            |   1|   0|    1|          0|
    |tmp_13_reg_6562                             |   1|   0|    1|          0|
    |tmp_143_reg_6933                            |  13|   0|   13|          0|
    |tmp_148_reg_6784                            |   1|   0|    1|          0|
    |tmp_152_reg_7005                            |  13|   0|   13|          0|
    |tmp_157_reg_7025                            |   1|   0|    1|          0|
    |tmp_161_reg_7015                            |  13|   0|   13|          0|
    |tmp_166_reg_7328                            |   1|   0|    1|          0|
    |tmp_170_reg_7082                            |  13|   0|   13|          0|
    |tmp_175_reg_6836                            |   1|   0|    1|          0|
    |tmp_179_reg_7125                            |  13|   0|   13|          0|
    |tmp_17_reg_6532                             |  13|   0|   13|          0|
    |tmp_184_reg_7114                            |   1|   0|    1|          0|
    |tmp_188_reg_7201                            |  13|   0|   13|          0|
    |tmp_193_reg_7415                            |   1|   0|    1|          0|
    |tmp_197_reg_7211                            |  13|   0|   13|          0|
    |tmp_202_reg_6918                            |   1|   0|    1|          0|
    |tmp_206_reg_7278                            |  13|   0|   13|          0|
    |tmp_211_reg_7221                            |   1|   0|    1|          0|
    |tmp_215_reg_7318                            |  13|   0|   13|          0|
    |tmp_220_reg_7492                            |   1|   0|    1|          0|
    |tmp_224_reg_7384                            |  13|   0|   13|          0|
    |tmp_229_reg_7000                            |   1|   0|    1|          0|
    |tmp_22_reg_6690                             |   1|   0|    1|          0|
    |tmp_233_reg_7394                            |  13|   0|   13|          0|
    |tmp_238_reg_7307                            |   1|   0|    1|          0|
    |tmp_240_reg_6406                            |   4|   0|    4|          0|
    |tmp_247_reg_7538                            |   1|   0|    1|          0|
    |tmp_251_reg_7092                            |   8|   0|   12|          4|
    |tmp_256_reg_7077                            |   1|   0|    1|          0|
    |tmp_265_reg_7404                            |   1|   0|    1|          0|
    |tmp_26_reg_6542                             |  13|   0|   13|          0|
    |tmp_274_reg_7604                            |   1|   0|    1|          0|
    |tmp_283_reg_7196                            |   1|   0|    1|          0|
    |tmp_292_reg_7471                            |   1|   0|    1|          0|
    |tmp_2_reg_6480                              |  13|   0|   13|          0|
    |tmp_301_reg_7666                            |   1|   0|    1|          0|
    |tmp_310_reg_7273                            |   1|   0|    1|          0|
    |tmp_319_reg_7533                            |   1|   0|    1|          0|
    |tmp_31_reg_6872                             |   1|   0|    1|          0|
    |tmp_328_reg_7687                            |   1|   0|    1|          0|
    |tmp_337_reg_7379                            |   1|   0|    1|          0|
    |tmp_346_reg_7589                            |   1|   0|    1|          0|
    |tmp_355_reg_7722                            |   1|   0|    1|          0|
    |tmp_35_reg_6552                             |  13|   0|   13|          0|
    |tmp_364_reg_7456                            |   1|   0|    1|          0|
    |tmp_373_reg_7640                            |   1|   0|    1|          0|
    |tmp_382_reg_7732                            |   1|   0|    1|          0|
    |tmp_3_reg_6470                              |  13|   0|   13|          0|
    |tmp_404_reg_7742                            |   4|   0|    4|          0|
    |tmp_405_reg_7747                            |   9|   0|    9|          0|
    |tmp_409_reg_7752                            |  12|   0|   12|          0|
    |tmp_40_reg_6593                             |   1|   0|    1|          0|
    |tmp_412_reg_6490                            |  12|   0|   13|          1|
    |tmp_413_reg_6583                            |  13|   0|   13|          0|
    |tmp_415_reg_6727                            |  13|   0|   13|          0|
    |tmp_417_reg_6634                            |  13|   0|   13|          0|
    |tmp_419_reg_6810                            |  13|   0|   13|          0|
    |tmp_421_reg_6680                            |  13|   0|   13|          0|
    |tmp_423_reg_6893                            |  13|   0|   13|          0|
    |tmp_425_reg_6737                            |  13|   0|   13|          0|
    |tmp_427_reg_6975                            |  13|   0|   13|          0|
    |tmp_429_reg_6820                            |  13|   0|   13|          0|
    |tmp_431_reg_7057                            |  13|   0|   13|          0|
    |tmp_433_reg_6903                            |  13|   0|   13|          0|
    |tmp_435_reg_7176                            |  13|   0|   13|          0|
    |tmp_437_reg_6985                            |  13|   0|   13|          0|
    |tmp_439_reg_7253                            |  13|   0|   13|          0|
    |tmp_441_cast_reg_7288                       |   9|   0|   13|          4|
    |tmp_441_reg_7104                            |  13|   0|   13|          0|
    |tmp_443_reg_7359                            |  13|   0|   13|          0|
    |tmp_445_reg_7186                            |  13|   0|   13|          0|
    |tmp_447_reg_7436                            |  13|   0|   13|          0|
    |tmp_449_reg_7297                            |  13|   0|   13|          0|
    |tmp_44_reg_6567                             |  13|   0|   13|          0|
    |tmp_451_reg_7508                            |  13|   0|   13|          0|
    |tmp_453_reg_7369                            |  13|   0|   13|          0|
    |tmp_455_reg_7559                            |  13|   0|   13|          0|
    |tmp_457_reg_7461                            |  13|   0|   13|          0|
    |tmp_459_reg_7620                            |  13|   0|   13|          0|
    |tmp_461_reg_7518                            |  13|   0|   13|          0|
    |tmp_463_reg_7645                            |  13|   0|   13|          0|
    |tmp_465_reg_7579                            |  13|   0|   13|          0|
    |tmp_467_reg_7655                            |  13|   0|   13|          0|
    |tmp_49_reg_6747                             |   1|   0|    1|          0|
    |tmp_53_reg_6598                             |  13|   0|   13|          0|
    |tmp_58_reg_6954                             |   1|   0|    1|          0|
    |tmp_62_reg_6624                             |  13|   0|   13|          0|
    |tmp_67_reg_6619                             |   1|   0|    1|          0|
    |tmp_71_reg_6650                             |  13|   0|   13|          0|
    |tmp_76_reg_6794                             |   1|   0|    1|          0|
    |tmp_80_reg_6670                             |  13|   0|   13|          0|
    |tmp_85_reg_7036                             |   1|   0|    1|          0|
    |tmp_89_reg_6701                             |  13|   0|   13|          0|
    |tmp_94_reg_6665                             |   1|   0|    1|          0|
    |tmp_98_reg_6758                             |  13|   0|   13|          0|
    |tmp_9_reg_6522                              |  13|   0|   13|          0|
    |tmp_mid2_cast1_reg_7166                     |   4|   0|   12|          8|
    |tmp_mid2_cast_reg_6412                      |   4|   0|   13|          9|
    |tmp_mid2_v_reg_6360                         |   4|   0|    4|          0|
    |tmp_reg_6374                                |  13|   0|   13|          0|
    +--------------------------------------------+----+----+-----+-----------+
    |Total                                       |1622|   0| 1648|         26|
    +--------------------------------------------+----+----+-----+-----------+



================================================================
== Interface
================================================================
* Summary: 
+-------------------+-----+-----+------------+--------------+--------------+
|     RTL Ports     | Dir | Bits|  Protocol  | Source Object|    C Type    |
+-------------------+-----+-----+------------+--------------+--------------+
|ap_clk             |  in |    1| ap_ctrl_hs |     pool     | return value |
|ap_rst             |  in |    1| ap_ctrl_hs |     pool     | return value |
|ap_start           |  in |    1| ap_ctrl_hs |     pool     | return value |
|ap_done            | out |    1| ap_ctrl_hs |     pool     | return value |
|ap_idle            | out |    1| ap_ctrl_hs |     pool     | return value |
|ap_ready           | out |    1| ap_ctrl_hs |     pool     | return value |
|output_r_address0  | out |   11|  ap_memory |   output_r   |     array    |
|output_r_ce0       | out |    1|  ap_memory |   output_r   |     array    |
|output_r_we0       | out |    1|  ap_memory |   output_r   |     array    |
|output_r_d0        | out |   32|  ap_memory |   output_r   |     array    |
|image_r_address0   | out |   13|  ap_memory |    image_r   |     array    |
|image_r_ce0        | out |    1|  ap_memory |    image_r   |     array    |
|image_r_q0         |  in |   32|  ap_memory |    image_r   |     array    |
|image_r_address1   | out |   13|  ap_memory |    image_r   |     array    |
|image_r_ce1        | out |    1|  ap_memory |    image_r   |     array    |
|image_r_q1         |  in |   32|  ap_memory |    image_r   |     array    |
+-------------------+-----+-----+------------+--------------+--------------+

